This is pdfTeX, Version 3.14159265-2.6-1.40.20 (MiKTeX 2.9.7250 64-bit) (preloaded format=pdflatex 2019.12.8)  24 JAN 2020 10:21
entering extended mode
**./test.tek
(test.tek
LaTeX2e <2019-10-01> patch level 3
("C:\Program Files\MiKTeX 2.9\tex/latex/base\article.cls"
Document Class: article 2019/10/25 v1.4k Standard LaTeX document class
("C:\Program Files\MiKTeX 2.9\tex/latex/base\size12.clo"
File: size12.clo 2019/10/25 v1.4k Standard LaTeX file (size option)
)
\c@part=\count80
\c@section=\count81
\c@subsection=\count82
\c@subsubsection=\count83
\c@paragraph=\count84
\c@subparagraph=\count85
\c@figure=\count86
\c@table=\count87
\abovecaptionskip=\skip41
\belowcaptionskip=\skip42
\bibindent=\dimen102
)
("C:\Program Files\MiKTeX 2.9\tex/latex/base\inputenc.sty"
Package: inputenc 2018/08/11 v1.3c Input encoding file
\inpenc@prehook=\toks14
\inpenc@posthook=\toks15
)
("C:\Program Files\MiKTeX 2.9\tex/latex/geometry-de\geometry.sty"
Package: geometry 2010/09/12 v5.6 Page Geometry

("C:\Program Files\MiKTeX 2.9\tex/latex/graphics\keyval.sty"
Package: keyval 2014/10/28 v1.15 key=value parser (DPC)
\KV@toks@=\toks16
)
("C:\Program Files\MiKTeX 2.9\tex/generic/iftex\ifpdf.sty"
Package: ifpdf 2019/10/25 v3.4 ifpdf legacy package. Use iftex instead.

("C:\Program Files\MiKTeX 2.9\tex/generic/iftex\iftex.sty"
Package: iftex 2019/11/07 v1.0c TeX engine tests
))
("C:\Program Files\MiKTeX 2.9\tex/generic/iftex\ifvtex.sty"
Package: ifvtex 2019/10/25 v1.7 ifvtex legacy package. Use iftex instead.
)
("C:\Program Files\MiKTeX 2.9\tex/generic/iftex\ifxetex.sty"
Package: ifxetex 2019/10/25 v0.7 ifxetex legacy package. Use iftex instead.
)
\Gm@cnth=\count88
\Gm@cntv=\count89
\c@Gm@tempcnt=\count90
\Gm@bindingoffset=\dimen103
\Gm@wd@mp=\dimen104
\Gm@odd@mp=\dimen105
\Gm@even@mp=\dimen106
\Gm@layoutwidth=\dimen107
\Gm@layoutheight=\dimen108
\Gm@layouthoffset=\dimen109
\Gm@layoutvoffset=\dimen110
\Gm@dimlist=\toks17

("C:\Program Files\MiKTeX 2.9\tex/latex/geometry\geometry.cfg"))
("C:\Program Files\MiKTeX 2.9\tex/latex/grffile\grffile.sty"
Package: grffile 2019/11/11 v2.1 Extended file name support for graphics (legac
y)
Package grffile Info: This package is an empty stub for compatibility on input 
line 40.

("C:\Program Files\MiKTeX 2.9\tex/latex/graphics\graphicx.sty"
Package: graphicx 2017/06/01 v1.1a Enhanced LaTeX Graphics (DPC,SPQR)

("C:\Program Files\MiKTeX 2.9\tex/latex/graphics\graphics.sty"
Package: graphics 2019/11/01 v1.3d Standard LaTeX Graphics (DPC,SPQR)

("C:\Program Files\MiKTeX 2.9\tex/latex/graphics\trig.sty"
Package: trig 2016/01/03 v1.10 sin cos tan (DPC)
)
("C:\Program Files\MiKTeX 2.9\tex/latex/graphics-cfg\graphics.cfg"
File: graphics.cfg 2016/06/04 v1.11 sample graphics configuration
)
Package graphics Info: Driver file: pdftex.def on input line 105.

("C:\Program Files\MiKTeX 2.9\tex/latex/graphics-def\pdftex.def"
File: pdftex.def 2018/01/08 v1.0l Graphics/color driver for pdftex
))
\Gin@req@height=\dimen111
\Gin@req@width=\dimen112
))
("C:\Program Files\MiKTeX 2.9\tex/latex/multirow\multirow.sty"
Package: multirow 2019/05/31 v2.5 Span multiple rows of a table
\multirow@colwidth=\skip43
\multirow@cntb=\count91
\multirow@dima=\skip44
\bigstrutjot=\dimen113
)
("C:\Program Files\MiKTeX 2.9\tex/latex/tools\multicol.sty"
Package: multicol 2019/03/01 v1.8w multicolumn formatting (FMi)
\c@tracingmulticols=\count92
\mult@box=\box27
\multicol@leftmargin=\dimen114
\c@unbalance=\count93
\c@collectmore=\count94
\doublecol@number=\count95
\multicoltolerance=\count96
\multicolpretolerance=\count97
\full@width=\dimen115
\page@free=\dimen116
\premulticols=\dimen117
\postmulticols=\dimen118
\multicolsep=\skip45
\multicolbaselineskip=\skip46
\partial@page=\box28
\last@line=\box29
\maxbalancingoverflow=\dimen119
\mult@rightbox=\box30
\mult@grightbox=\box31
\mult@gfirstbox=\box32
\mult@firstbox=\box33
\@tempa=\box34
\@tempa=\box35
\@tempa=\box36
\@tempa=\box37
\@tempa=\box38
\@tempa=\box39
\@tempa=\box40
\@tempa=\box41
\@tempa=\box42
\@tempa=\box43
\@tempa=\box44
\@tempa=\box45
\@tempa=\box46
\@tempa=\box47
\@tempa=\box48
\@tempa=\box49
\@tempa=\box50
\c@minrows=\count98
\c@columnbadness=\count99
\c@finalcolumnbadness=\count100
\last@try=\dimen120
\multicolovershoot=\dimen121
\multicolundershoot=\dimen122
\mult@nat@firstbox=\box51
\colbreak@box=\box52
\mc@col@check@num=\count101
) (test.aux)
\openout1 = `test.aux'.

LaTeX Font Info:    Checking defaults for OML/cmm/m/it on input line 15.
LaTeX Font Info:    ... okay on input line 15.
LaTeX Font Info:    Checking defaults for T1/cmr/m/n on input line 15.
LaTeX Font Info:    ... okay on input line 15.
LaTeX Font Info:    Checking defaults for OT1/cmr/m/n on input line 15.
LaTeX Font Info:    ... okay on input line 15.
LaTeX Font Info:    Checking defaults for OMS/cmsy/m/n on input line 15.
LaTeX Font Info:    ... okay on input line 15.
LaTeX Font Info:    Checking defaults for OMX/cmex/m/n on input line 15.
LaTeX Font Info:    ... okay on input line 15.
LaTeX Font Info:    Checking defaults for U/cmr/m/n on input line 15.
LaTeX Font Info:    ... okay on input line 15.

*geometry* driver: auto-detecting
*geometry* detected driver: pdftex
*geometry* verbose mode - [ preamble ] result:
* driver: pdftex
* paper: <default>
* layout: <same size as paper>
* layoutoffset:(h,v)=(0.0pt,0.0pt)
* modes: 
* h-part:(L,W,R)=(36.135pt, 542.02501pt, 36.135pt)
* v-part:(T,H,B)=(72.26999pt, 686.565pt, 36.135pt)
* \paperwidth=614.295pt
* \paperheight=794.96999pt
* \textwidth=542.02501pt
* \textheight=686.565pt
* \oddsidemargin=-36.135pt
* \evensidemargin=-36.135pt
* \topmargin=-37.0pt
* \headheight=12.0pt
* \headsep=25.0pt
* \topskip=12.0pt
* \footskip=30.0pt
* \marginparwidth=44.0pt
* \marginparsep=10.0pt
* \columnsep=10.0pt
* \skip\footins=10.8pt plus 4.0pt minus 2.0pt
* \hoffset=0.0pt
* \voffset=0.0pt
* \mag=1000
* \@twocolumnfalse
* \@twosidefalse
* \@mparswitchfalse
* \@reversemarginfalse
* (1in=72.27pt=25.4mm, 1cm=28.453pt)

("C:\Program Files\MiKTeX 2.9\tex/context/base/mkii\supp-pdf.mkii"
[Loading MPS to PDF converter (version 2006.09.02).]
\scratchcounter=\count102
\scratchdimen=\dimen123
\scratchbox=\box53
\nofMPsegments=\count103
\nofMParguments=\count104
\everyMPshowfont=\toks18
\MPscratchCnt=\count105
\MPscratchDim=\dimen124
\MPnumerator=\count106
\makeMPintoPDFobject=\count107
\everyMPtoPDFconversion=\toks19
) ("C:\Program Files\MiKTeX 2.9\tex/latex/epstopdf-pkg\epstopdf-base.sty"
Package: epstopdf-base 2019/11/24 v2.7 Base part for package epstopdf

("C:\Program Files\MiKTeX 2.9\tex/generic/oberdiek\infwarerr.sty"
Package: infwarerr 2016/05/16 v1.4 Providing info/warning/error messages (HO)
)
("C:\Program Files\MiKTeX 2.9\tex/latex/oberdiek\grfext.sty"
Package: grfext 2016/05/16 v1.2 Manage graphics extensions (HO)

("C:\Program Files\MiKTeX 2.9\tex/generic/oberdiek\kvdefinekeys.sty"
Package: kvdefinekeys 2016/05/16 v1.4 Define keys (HO)

("C:\Program Files\MiKTeX 2.9\tex/generic/oberdiek\ltxcmds.sty"
Package: ltxcmds 2016/05/16 v1.23 LaTeX kernel commands for general use (HO)
)))
("C:\Program Files\MiKTeX 2.9\tex/latex/oberdiek\kvoptions.sty"
Package: kvoptions 2016/05/16 v3.12 Key value format for package options (HO)

("C:\Program Files\MiKTeX 2.9\tex/generic/oberdiek\kvsetkeys.sty"
Package: kvsetkeys 2016/05/16 v1.17 Key value parser (HO)

("C:\Program Files\MiKTeX 2.9\tex/generic/oberdiek\etexcmds.sty"
Package: etexcmds 2016/05/16 v1.6 Avoid name clashes with e-TeX commands (HO)

("C:\Program Files\MiKTeX 2.9\tex/generic/iftex\ifluatex.sty"
Package: ifluatex 2019/10/25 v1.5 ifluatex legacy package. Use iftex instead.
))))
("C:\Program Files\MiKTeX 2.9\tex/latex/pdftexcmds\pdftexcmds.sty"
Package: pdftexcmds 2019/11/24 v0.31 Utility functions of pdfTeX for LuaTeX (HO
)
Package pdftexcmds Info: \pdf@primitive is available.
Package pdftexcmds Info: \pdf@ifprimitive is available.
Package pdftexcmds Info: \pdfdraftmode found.
)
Package epstopdf-base Info: Redefining graphics rule for `.eps' on input line 4
42.
Package grfext Info: Graphics extension search list:
(grfext)             [.pdf,.png,.jpg,.mps,.jpeg,.jbig2,.jb2,.PDF,.PNG,.JPG,.JPE
G,.JBIG2,.JB2,.eps]
(grfext)             \AppendGraphicsExtensions on input line 460.
)
<../photos/emptytomb.jpg, id=1, 1279.78125pt x 1204.5pt>
File: ../photos/emptytomb.jpg Graphic file (type jpg)
<use ../photos/emptytomb.jpg>
Package pdftex.def Info: ../photos/emptytomb.jpg  used on input line 28.
(pdftex.def)             Requested size: 455.24408pt x 307.01646pt.
 [1

{C:/Users/kello/AppData/Local/MiKTeX/2.9/pdftex/config/pdftex.map} <../photos/e
mptytomb.jpg>]
LaTeX Font Info:    External font `cmex10' loaded for size
(Font)              <12> on input line 40.
LaTeX Font Info:    External font `cmex10' loaded for size
(Font)              <8> on input line 40.
LaTeX Font Info:    External font `cmex10' loaded for size
(Font)              <6> on input line 40.
<../photos/5e17f2cf05865455dcb0bd9c.jpg, id=10, 752.8125pt x 752.8125pt>
File: ../photos/5e17f2cf05865455dcb0bd9c.jpg Graphic file (type jpg)
<use ../photos/5e17f2cf05865455dcb0bd9c.jpg>
Package pdftex.def Info: ../photos/5e17f2cf05865455dcb0bd9c.jpg  used on input 
line 41.
(pdftex.def)             Requested size: 227.62204pt x 227.62596pt.
<../photos/5e1b76ef9a3abb7614045553.jpg, id=11, 162.00525pt x 162.6075pt>
File: ../photos/5e1b76ef9a3abb7614045553.jpg Graphic file (type jpg)
<use ../photos/5e1b76ef9a3abb7614045553.jpg>
Package pdftex.def Info: ../photos/5e1b76ef9a3abb7614045553.jpg  used on input 
line 41.
(pdftex.def)             Requested size: 227.62204pt x 228.4727pt.
<../photos/5e1b77189a3abb7614045554.jpg, id=12, 479.2642pt x 479.2642pt>
File: ../photos/5e1b77189a3abb7614045554.jpg Graphic file (type jpg)
<use ../photos/5e1b77189a3abb7614045554.jpg>
Package pdftex.def Info: ../photos/5e1b77189a3abb7614045554.jpg  used on input 
line 48.
(pdftex.def)             Requested size: 227.62204pt x 227.62361pt.
<../photos/5e1b77479a3abb7614045555.jpg, id=13, 228.10219pt x 228.10219pt>
File: ../photos/5e1b77479a3abb7614045555.jpg Graphic file (type jpg)
<use ../photos/5e1b77479a3abb7614045555.jpg>
Package pdftex.def Info: ../photos/5e1b77479a3abb7614045555.jpg  used on input 
line 48.
(pdftex.def)             Requested size: 227.62204pt x 227.62825pt.

! You can't use `macro parameter character #' in restricted horizontal mode.
l.53 413 S State St. #
                      338 & 363 W 90 S \\
Sorry, but I'm not programmed to handle this case;
I'll just pretend that you didn't ask for it.
If you're in the wrong mode, you might be able to
return to the right one by typing `I}' or `I$' or `I\par'.

[2 <../photos/5e17f2cf05865455dcb0bd9c.jpg> <../photos/5e1b76ef9a3abb7614045553
.jpg> <../photos/5e1b77189a3abb7614045554.jpg> <../photos/5e1b77479a3abb7614045
555.jpg>]
<../photos/5e1b673aa460243fe41f0136.jpg, id=18, 1022.82124pt x 1023.825pt>
File: ../photos/5e1b673aa460243fe41f0136.jpg Graphic file (type jpg)
<use ../photos/5e1b673aa460243fe41f0136.jpg>
Package pdftex.def Info: ../photos/5e1b673aa460243fe41f0136.jpg  used on input 
line 120.
(pdftex.def)             Requested size: 284.52756pt x 284.79437pt.

Overfull \vbox (187.64453pt too high) detected at line 120
 []

[3 <../photos/5e1b673aa460243fe41f0136.jpg>]
<../photos/5e21f07f26d7752f242256f6.jpg, id=23, 200.75pt x 301.125pt>
File: ../photos/5e21f07f26d7752f242256f6.jpg Graphic file (type jpg)
<use ../photos/5e21f07f26d7752f242256f6.jpg>
Package pdftex.def Info: ../photos/5e21f07f26d7752f242256f6.jpg  used on input 
line 134.
(pdftex.def)             Requested size: 140.52403pt x 210.78606pt.
<../photos/5e21f07f26d7752f242256fc.jpg, id=24, 200.75pt x 301.125pt>
File: ../photos/5e21f07f26d7752f242256fc.jpg Graphic file (type jpg)
<use ../photos/5e21f07f26d7752f242256fc.jpg>
Package pdftex.def Info: ../photos/5e21f07f26d7752f242256fc.jpg  used on input 
line 134.
(pdftex.def)             Requested size: 140.52403pt x 210.78606pt.
<../photos/5e21f07f26d7752f24225700.jpg, id=25, 200.75pt x 301.125pt>
File: ../photos/5e21f07f26d7752f24225700.jpg Graphic file (type jpg)
<use ../photos/5e21f07f26d7752f24225700.jpg>
Package pdftex.def Info: ../photos/5e21f07f26d7752f24225700.jpg  used on input 
line 134.
(pdftex.def)             Requested size: 140.52403pt x 210.78606pt.
<../photos/5e21f07f26d7752f2422572e.jpg, id=26, 200.75pt x 301.125pt>
File: ../photos/5e21f07f26d7752f2422572e.jpg Graphic file (type jpg)
<use ../photos/5e21f07f26d7752f2422572e.jpg>
Package pdftex.def Info: ../photos/5e21f07f26d7752f2422572e.jpg  used on input 
line 138.
(pdftex.def)             Requested size: 140.52403pt x 210.78606pt.
<../photos/5e21f07f26d7752f2422573e.jpg, id=27, 200.75pt x 301.125pt>
File: ../photos/5e21f07f26d7752f2422573e.jpg Graphic file (type jpg)
<use ../photos/5e21f07f26d7752f2422573e.jpg>
Package pdftex.def Info: ../photos/5e21f07f26d7752f2422573e.jpg  used on input 
line 138.
(pdftex.def)             Requested size: 140.52403pt x 210.78606pt.
<../photos/5e21f07f26d7752f24225747.jpg, id=28, 200.75pt x 301.125pt>
File: ../photos/5e21f07f26d7752f24225747.jpg Graphic file (type jpg)
<use ../photos/5e21f07f26d7752f24225747.jpg>
Package pdftex.def Info: ../photos/5e21f07f26d7752f24225747.jpg  used on input 
line 138.
(pdftex.def)             Requested size: 140.52403pt x 210.78606pt.
 [4 <../photos/5e21f07f26d7752f242256f6.jpg> <../photos/5e21f07f26d7752f242256f
c.jpg> <../photos/5e21f07f26d7752f24225700.jpg> <../photos/5e21f07f26d7752f2422
572e.jpg> <../photos/5e21f07f26d7752f2422573e.jpg> <../photos/5e21f07f26d7752f2
4225747.jpg>]
<../photos/5e21f07f26d7752f24225714.jpg, id=32, 200.75pt x 301.125pt>
File: ../photos/5e21f07f26d7752f24225714.jpg Graphic file (type jpg)
<use ../photos/5e21f07f26d7752f24225714.jpg>
Package pdftex.def Info: ../photos/5e21f07f26d7752f24225714.jpg  used on input 
line 151.
(pdftex.def)             Requested size: 140.52403pt x 210.78606pt.
<../photos/5e21f07f26d7752f2422571a.jpg, id=33, 200.75pt x 301.125pt>
File: ../photos/5e21f07f26d7752f2422571a.jpg Graphic file (type jpg)
<use ../photos/5e21f07f26d7752f2422571a.jpg>
Package pdftex.def Info: ../photos/5e21f07f26d7752f2422571a.jpg  used on input 
line 151.
(pdftex.def)             Requested size: 140.52403pt x 210.78606pt.
<../photos/5e21f07f26d7752f24225737.jpg, id=34, 200.75pt x 301.125pt>
File: ../photos/5e21f07f26d7752f24225737.jpg Graphic file (type jpg)
<use ../photos/5e21f07f26d7752f24225737.jpg>
Package pdftex.def Info: ../photos/5e21f07f26d7752f24225737.jpg  used on input 
line 151.
(pdftex.def)             Requested size: 140.52403pt x 210.78606pt.
<../photos/5e21f07f26d7752f24225748.jpg, id=35, 200.75pt x 301.125pt>
File: ../photos/5e21f07f26d7752f24225748.jpg Graphic file (type jpg)
<use ../photos/5e21f07f26d7752f24225748.jpg>
Package pdftex.def Info: ../photos/5e21f07f26d7752f24225748.jpg  used on input 
line 155.
(pdftex.def)             Requested size: 140.52403pt x 210.78606pt.
<../photos/5e21f07f26d7752f2422574a.jpg, id=36, 200.75pt x 301.125pt>
File: ../photos/5e21f07f26d7752f2422574a.jpg Graphic file (type jpg)
<use ../photos/5e21f07f26d7752f2422574a.jpg>
Package pdftex.def Info: ../photos/5e21f07f26d7752f2422574a.jpg  used on input 
line 155.
(pdftex.def)             Requested size: 140.52403pt x 210.78606pt.
<../photos/5e21f08026d7752f24225774.jpg, id=37, 200.75pt x 301.125pt>
File: ../photos/5e21f08026d7752f24225774.jpg Graphic file (type jpg)
<use ../photos/5e21f08026d7752f24225774.jpg>
Package pdftex.def Info: ../photos/5e21f08026d7752f24225774.jpg  used on input 
line 155.
(pdftex.def)             Requested size: 140.52403pt x 210.78606pt.

Overfull \hbox (19.13416pt too wide) in paragraph at lines 150--160
 [][] 
 []

[5 <../photos/5e21f07f26d7752f24225714.jpg> <../photos/5e21f07f26d7752f2422571a
.jpg> <../photos/5e21f07f26d7752f24225737.jpg> <../photos/5e21f07f26d7752f24225
748.jpg> <../photos/5e21f07f26d7752f2422574a.jpg> <../photos/5e21f08026d7752f24
225774.jpg>]
<../photos/5e21f07f26d7752f2422570a.jpg, id=41, 200.75pt x 301.125pt>
File: ../photos/5e21f07f26d7752f2422570a.jpg Graphic file (type jpg)
<use ../photos/5e21f07f26d7752f2422570a.jpg>
Package pdftex.def Info: ../photos/5e21f07f26d7752f2422570a.jpg  used on input 
line 168.
(pdftex.def)             Requested size: 140.52403pt x 210.78606pt.
<../photos/5e21f08026d7752f24225756.jpg, id=42, 200.75pt x 301.125pt>
File: ../photos/5e21f08026d7752f24225756.jpg Graphic file (type jpg)
<use ../photos/5e21f08026d7752f24225756.jpg>
Package pdftex.def Info: ../photos/5e21f08026d7752f24225756.jpg  used on input 
line 168.
(pdftex.def)             Requested size: 140.52403pt x 210.78606pt.
<../photos/5e21f08026d7752f2422576c.jpg, id=43, 200.75pt x 301.125pt>
File: ../photos/5e21f08026d7752f2422576c.jpg Graphic file (type jpg)
<use ../photos/5e21f08026d7752f2422576c.jpg>
Package pdftex.def Info: ../photos/5e21f08026d7752f2422576c.jpg  used on input 
line 172.
(pdftex.def)             Requested size: 140.52403pt x 210.78606pt.
<../photos/5e2208b426d7752f24225778.jpg, id=44, 200.75pt x 301.125pt>
File: ../photos/5e2208b426d7752f24225778.jpg Graphic file (type jpg)
<use ../photos/5e2208b426d7752f24225778.jpg>
Package pdftex.def Info: ../photos/5e2208b426d7752f24225778.jpg  used on input 
line 172.
(pdftex.def)             Requested size: 140.52403pt x 210.78606pt.
 [6 <../photos/5e21f07f26d7752f2422570a.jpg> <../photos/5e21f08026d7752f2422575
6.jpg> <../photos/5e21f08026d7752f2422576c.jpg> <../photos/5e2208b426d7752f2422
5778.jpg>]
<../photos/5e21f07f26d7752f242256f3.jpg, id=48, 200.75pt x 301.125pt>
File: ../photos/5e21f07f26d7752f242256f3.jpg Graphic file (type jpg)
<use ../photos/5e21f07f26d7752f242256f3.jpg>
Package pdftex.def Info: ../photos/5e21f07f26d7752f242256f3.jpg  used on input 
line 185.
(pdftex.def)             Requested size: 140.52403pt x 210.78606pt.
<../photos/5e21f07f26d7752f24225704.jpg, id=49, 200.75pt x 301.125pt>
File: ../photos/5e21f07f26d7752f24225704.jpg Graphic file (type jpg)
<use ../photos/5e21f07f26d7752f24225704.jpg>
Package pdftex.def Info: ../photos/5e21f07f26d7752f24225704.jpg  used on input 
line 185.
(pdftex.def)             Requested size: 140.52403pt x 210.78606pt.
<../photos/5e21f07f26d7752f24225725.jpg, id=50, 200.75pt x 301.125pt>
File: ../photos/5e21f07f26d7752f24225725.jpg Graphic file (type jpg)
<use ../photos/5e21f07f26d7752f24225725.jpg>
Package pdftex.def Info: ../photos/5e21f07f26d7752f24225725.jpg  used on input 
line 185.
(pdftex.def)             Requested size: 140.52403pt x 210.78606pt.
<../photos/5e21f07f26d7752f24225734.jpg, id=51, 200.75pt x 301.125pt>
File: ../photos/5e21f07f26d7752f24225734.jpg Graphic file (type jpg)
<use ../photos/5e21f07f26d7752f24225734.jpg>
Package pdftex.def Info: ../photos/5e21f07f26d7752f24225734.jpg  used on input 
line 189.
(pdftex.def)             Requested size: 140.52403pt x 210.78606pt.
<../photos/5e21f07f26d7752f2422574c.jpg, id=52, 200.75pt x 301.125pt>
File: ../photos/5e21f07f26d7752f2422574c.jpg Graphic file (type jpg)
<use ../photos/5e21f07f26d7752f2422574c.jpg>
Package pdftex.def Info: ../photos/5e21f07f26d7752f2422574c.jpg  used on input 
line 189.
(pdftex.def)             Requested size: 140.52403pt x 210.78606pt.
<../photos/5e21f07f26d7752f2422574d.jpg, id=53, 200.75pt x 301.125pt>
File: ../photos/5e21f07f26d7752f2422574d.jpg Graphic file (type jpg)
<use ../photos/5e21f07f26d7752f2422574d.jpg>
Package pdftex.def Info: ../photos/5e21f07f26d7752f2422574d.jpg  used on input 
line 189.
(pdftex.def)             Requested size: 140.52403pt x 210.78606pt.
 [7 <../photos/5e21f07f26d7752f242256f3.jpg> <../photos/5e21f07f26d7752f2422570
4.jpg> <../photos/5e21f07f26d7752f24225725.jpg> <../photos/5e21f07f26d7752f2422
5734.jpg> <../photos/5e21f07f26d7752f2422574c.jpg> <../photos/5e21f07f26d7752f2
422574d.jpg>]
<../photos/5e21f07f26d7752f24225720.jpg, id=58, 200.75pt x 301.125pt>
File: ../photos/5e21f07f26d7752f24225720.jpg Graphic file (type jpg)
<use ../photos/5e21f07f26d7752f24225720.jpg>
Package pdftex.def Info: ../photos/5e21f07f26d7752f24225720.jpg  used on input 
line 202.
(pdftex.def)             Requested size: 140.52403pt x 210.78606pt.
<../photos/5e21f07f26d7752f2422573d.jpg, id=59, 200.75pt x 301.125pt>
File: ../photos/5e21f07f26d7752f2422573d.jpg Graphic file (type jpg)
<use ../photos/5e21f07f26d7752f2422573d.jpg>
Package pdftex.def Info: ../photos/5e21f07f26d7752f2422573d.jpg  used on input 
line 202.
(pdftex.def)             Requested size: 140.52403pt x 210.78606pt.
<../photos/5e21f08026d7752f24225754.jpg, id=60, 200.75pt x 301.125pt>
File: ../photos/5e21f08026d7752f24225754.jpg Graphic file (type jpg)
<use ../photos/5e21f08026d7752f24225754.jpg>
Package pdftex.def Info: ../photos/5e21f08026d7752f24225754.jpg  used on input 
line 202.
(pdftex.def)             Requested size: 140.52403pt x 210.78606pt.
<../photos/5e21f08026d7752f24225762.jpg, id=61, 200.75pt x 301.125pt>
File: ../photos/5e21f08026d7752f24225762.jpg Graphic file (type jpg)
<use ../photos/5e21f08026d7752f24225762.jpg>
Package pdftex.def Info: ../photos/5e21f08026d7752f24225762.jpg  used on input 
line 206.
(pdftex.def)             Requested size: 140.52403pt x 210.78606pt.
<../photos/5e21f08026d7752f2422576a.jpg, id=62, 200.75pt x 301.125pt>
File: ../photos/5e21f08026d7752f2422576a.jpg Graphic file (type jpg)
<use ../photos/5e21f08026d7752f2422576a.jpg>
Package pdftex.def Info: ../photos/5e21f08026d7752f2422576a.jpg  used on input 
line 206.
(pdftex.def)             Requested size: 140.52403pt x 210.78606pt.
<../photos/5e21f08026d7752f2422576b.jpg, id=63, 200.75pt x 301.125pt>
File: ../photos/5e21f08026d7752f2422576b.jpg Graphic file (type jpg)
<use ../photos/5e21f08026d7752f2422576b.jpg>
Package pdftex.def Info: ../photos/5e21f08026d7752f2422576b.jpg  used on input 
line 206.
(pdftex.def)             Requested size: 140.52403pt x 210.78606pt.

! Missing $ inserted.
<inserted text> 
                $
l.209 so_
         smith@msn.com & abigailwadley24@gmail.com & emilywadley@msn.com \\
I've inserted a begin-math/end-math symbol since I think
you left one out. Proceed, with fingers crossed.

! Extra }, or forgotten $.
<template> \unskip \hfil }
                          \hskip \tabcolsep \endtemplate 
l.209 so_smith@msn.com &
                         abigailwadley24@gmail.com & emilywadley@msn.com \\
I've deleted a group-closing symbol because it seems to be
spurious, as in `$x}$'. But perhaps the } is legitimate and
you forgot something else, as in `\hbox{$x}'. In such cases
the way to recover is to insert both the forgotten and the
deleted material, e.g., by typing `I$}'.

! Missing $ inserted.
<inserted text> 
                $
l.209 so_smith@msn.com &
                         abigailwadley24@gmail.com & emilywadley@msn.com \\
I've inserted a begin-math/end-math symbol since I think
you left one out. Proceed, with fingers crossed.

! Missing } inserted.
<inserted text> 
                }
l.209 so_smith@msn.com &
                         abigailwadley24@gmail.com & emilywadley@msn.com \\
I've inserted something that you may have forgotten.
(See the <inserted text> above.)
With luck, this will get me unwedged. But if you
really didn't forget anything, try typing `2' now; then
my insertion and my current dilemma will both disappear.


Overfull \hbox (42.6122pt too wide) in paragraph at lines 201--211
 [][] 
 []

[8 <../photos/5e21f07f26d7752f24225720.jpg> <../photos/5e21f07f26d7752f2422573d
.jpg> <../photos/5e21f08026d7752f24225754.jpg> <../photos/5e21f08026d7752f24225
762.jpg> <../photos/5e21f08026d7752f2422576a.jpg> <../photos/5e21f08026d7752f24
22576b.jpg>]
<../photos/5e21f07f26d7752f24225701.jpg, id=69, 200.75pt x 301.125pt>
File: ../photos/5e21f07f26d7752f24225701.jpg Graphic file (type jpg)
<use ../photos/5e21f07f26d7752f24225701.jpg>
Package pdftex.def Info: ../photos/5e21f07f26d7752f24225701.jpg  used on input 
line 219.
(pdftex.def)             Requested size: 140.52403pt x 210.78606pt.
<../photos/5e21f07f26d7752f2422570c.jpg, id=70, 200.75pt x 301.125pt>
File: ../photos/5e21f07f26d7752f2422570c.jpg Graphic file (type jpg)
<use ../photos/5e21f07f26d7752f2422570c.jpg>
Package pdftex.def Info: ../photos/5e21f07f26d7752f2422570c.jpg  used on input 
line 219.
(pdftex.def)             Requested size: 140.52403pt x 210.78606pt.
<../photos/5e21f07f26d7752f2422571d.jpg, id=71, 200.75pt x 301.125pt>
File: ../photos/5e21f07f26d7752f2422571d.jpg Graphic file (type jpg)
<use ../photos/5e21f07f26d7752f2422571d.jpg>
Package pdftex.def Info: ../photos/5e21f07f26d7752f2422571d.jpg  used on input 
line 219.
(pdftex.def)             Requested size: 140.52403pt x 210.78606pt.
<../photos/5e21f07f26d7752f24225739.jpg, id=72, 200.75pt x 301.125pt>
File: ../photos/5e21f07f26d7752f24225739.jpg Graphic file (type jpg)
<use ../photos/5e21f07f26d7752f24225739.jpg>
Package pdftex.def Info: ../photos/5e21f07f26d7752f24225739.jpg  used on input 
line 223.
(pdftex.def)             Requested size: 140.52403pt x 210.78606pt.
<../photos/5e21f08026d7752f24225758.jpg, id=73, 200.75pt x 301.125pt>
File: ../photos/5e21f08026d7752f24225758.jpg Graphic file (type jpg)
<use ../photos/5e21f08026d7752f24225758.jpg>
Package pdftex.def Info: ../photos/5e21f08026d7752f24225758.jpg  used on input 
line 223.
(pdftex.def)             Requested size: 140.52403pt x 210.78606pt.
<../photos/5e22030a26d7752f24225776.jpg, id=74, 200.75pt x 301.125pt>
File: ../photos/5e22030a26d7752f24225776.jpg Graphic file (type jpg)
<use ../photos/5e22030a26d7752f24225776.jpg>
Package pdftex.def Info: ../photos/5e22030a26d7752f24225776.jpg  used on input 
line 223.
(pdftex.def)             Requested size: 140.52403pt x 210.78606pt.
 [9 <../photos/5e21f07f26d7752f24225701.jpg> <../photos/5e21f07f26d7752f2422570
c.jpg> <../photos/5e21f07f26d7752f2422571d.jpg> <../photos/5e21f07f26d7752f2422
5739.jpg> <../photos/5e21f08026d7752f24225758.jpg> <../photos/5e22030a26d7752f2
4225776.jpg>]
<../photos/5e21f07e26d7752f242256f1.jpg, id=78, 200.75pt x 301.125pt>
File: ../photos/5e21f07e26d7752f242256f1.jpg Graphic file (type jpg)
<use ../photos/5e21f07e26d7752f242256f1.jpg>
Package pdftex.def Info: ../photos/5e21f07e26d7752f242256f1.jpg  used on input 
line 236.
(pdftex.def)             Requested size: 140.52403pt x 210.78606pt.
<../photos/5e21f07f26d7752f2422570f.jpg, id=79, 200.75pt x 301.125pt>
File: ../photos/5e21f07f26d7752f2422570f.jpg Graphic file (type jpg)
<use ../photos/5e21f07f26d7752f2422570f.jpg>
Package pdftex.def Info: ../photos/5e21f07f26d7752f2422570f.jpg  used on input 
line 236.
(pdftex.def)             Requested size: 140.52403pt x 210.78606pt.
<../photos/5e21f07f26d7752f24225723.jpg, id=80, 200.75pt x 301.125pt>
File: ../photos/5e21f07f26d7752f24225723.jpg Graphic file (type jpg)
<use ../photos/5e21f07f26d7752f24225723.jpg>
Package pdftex.def Info: ../photos/5e21f07f26d7752f24225723.jpg  used on input 
line 236.
(pdftex.def)             Requested size: 140.52403pt x 210.78606pt.

! Missing $ inserted.
<inserted text> 
                $
l.239 tearsa_
             b@yahoo.com & DIEPLAN.MB@gmail.com & joylynhansen@gmail.com \\
I've inserted a begin-math/end-math symbol since I think
you left one out. Proceed, with fingers crossed.

! Extra }, or forgotten $.
<template> \unskip \hfil }
                          \hskip \tabcolsep \endtemplate 
l.239 tearsa_b@yahoo.com &
                           DIEPLAN.MB@gmail.com & joylynhansen@gmail.com \\
I've deleted a group-closing symbol because it seems to be
spurious, as in `$x}$'. But perhaps the } is legitimate and
you forgot something else, as in `\hbox{$x}'. In such cases
the way to recover is to insert both the forgotten and the
deleted material, e.g., by typing `I$}'.

! Missing $ inserted.
<inserted text> 
                $
l.239 tearsa_b@yahoo.com &
                           DIEPLAN.MB@gmail.com & joylynhansen@gmail.com \\
I've inserted a begin-math/end-math symbol since I think
you left one out. Proceed, with fingers crossed.

! Missing } inserted.
<inserted text> 
                }
l.239 tearsa_b@yahoo.com &
                           DIEPLAN.MB@gmail.com & joylynhansen@gmail.com \\
I've inserted something that you may have forgotten.
(See the <inserted text> above.)
With luck, this will get me unwedged. But if you
really didn't forget anything, try typing `2' now; then
my insertion and my current dilemma will both disappear.

<../photos/5e21f07f26d7752f24225728.jpg, id=81, 200.75pt x 301.125pt>
File: ../photos/5e21f07f26d7752f24225728.jpg Graphic file (type jpg)
<use ../photos/5e21f07f26d7752f24225728.jpg>
Package pdftex.def Info: ../photos/5e21f07f26d7752f24225728.jpg  used on input 
line 241.
(pdftex.def)             Requested size: 140.52403pt x 210.78606pt.
<../photos/5e21f08026d7752f24225757.jpg, id=82, 200.75pt x 301.125pt>
File: ../photos/5e21f08026d7752f24225757.jpg Graphic file (type jpg)
<use ../photos/5e21f08026d7752f24225757.jpg>
Package pdftex.def Info: ../photos/5e21f08026d7752f24225757.jpg  used on input 
line 241.
(pdftex.def)             Requested size: 140.52403pt x 210.78606pt.
[10 <../photos/5e21f07e26d7752f242256f1.jpg> <../photos/5e21f07f26d7752f2422570
f.jpg> <../photos/5e21f07f26d7752f24225723.jpg> <../photos/5e21f07f26d7752f2422
5728.jpg> <../photos/5e21f08026d7752f24225757.jpg>]
<../photos/5e21f07f26d7752f2422572b.jpg, id=86, 200.75pt x 301.125pt>
File: ../photos/5e21f07f26d7752f2422572b.jpg Graphic file (type jpg)
<use ../photos/5e21f07f26d7752f2422572b.jpg>
Package pdftex.def Info: ../photos/5e21f07f26d7752f2422572b.jpg  used on input 
line 254.
(pdftex.def)             Requested size: 140.52403pt x 210.78606pt.
<../photos/5e21f07f26d7752f24225732.jpg, id=87, 200.75pt x 301.125pt>
File: ../photos/5e21f07f26d7752f24225732.jpg Graphic file (type jpg)
<use ../photos/5e21f07f26d7752f24225732.jpg>
Package pdftex.def Info: ../photos/5e21f07f26d7752f24225732.jpg  used on input 
line 254.
(pdftex.def)             Requested size: 140.52403pt x 210.78606pt.
<../photos/5e21f07f26d7752f24225733.jpg, id=88, 200.75pt x 301.125pt>
File: ../photos/5e21f07f26d7752f24225733.jpg Graphic file (type jpg)
<use ../photos/5e21f07f26d7752f24225733.jpg>
Package pdftex.def Info: ../photos/5e21f07f26d7752f24225733.jpg  used on input 
line 258.
(pdftex.def)             Requested size: 140.52403pt x 210.78606pt.
<../photos/5e21f07f26d7752f2422573a.jpg, id=89, 200.75pt x 301.125pt>
File: ../photos/5e21f07f26d7752f2422573a.jpg Graphic file (type jpg)
<use ../photos/5e21f07f26d7752f2422573a.jpg>
Package pdftex.def Info: ../photos/5e21f07f26d7752f2422573a.jpg  used on input 
line 258.
(pdftex.def)             Requested size: 140.52403pt x 210.78606pt.
 [11 <../photos/5e21f07f26d7752f2422572b.jpg> <../photos/5e21f07f26d7752f242257
32.jpg> <../photos/5e21f07f26d7752f24225733.jpg> <../photos/5e21f07f26d7752f242
2573a.jpg>]
<../photos/5e21f07f26d7752f24225705.jpg, id=93, 200.75pt x 301.125pt>
File: ../photos/5e21f07f26d7752f24225705.jpg Graphic file (type jpg)
<use ../photos/5e21f07f26d7752f24225705.jpg>
Package pdftex.def Info: ../photos/5e21f07f26d7752f24225705.jpg  used on input 
line 271.
(pdftex.def)             Requested size: 140.52403pt x 210.78606pt.
<../photos/5e21f07f26d7752f2422571f.jpg, id=94, 200.75pt x 301.125pt>
File: ../photos/5e21f07f26d7752f2422571f.jpg Graphic file (type jpg)
<use ../photos/5e21f07f26d7752f2422571f.jpg>
Package pdftex.def Info: ../photos/5e21f07f26d7752f2422571f.jpg  used on input 
line 271.
(pdftex.def)             Requested size: 140.52403pt x 210.78606pt.
<../photos/5e21f07f26d7752f24225722.jpg, id=95, 200.75pt x 301.125pt>
File: ../photos/5e21f07f26d7752f24225722.jpg Graphic file (type jpg)
<use ../photos/5e21f07f26d7752f24225722.jpg>
Package pdftex.def Info: ../photos/5e21f07f26d7752f24225722.jpg  used on input 
line 271.
(pdftex.def)             Requested size: 140.52403pt x 210.78606pt.
<../photos/5e21f07f26d7752f2422574b.jpg, id=96, 200.75pt x 301.125pt>
File: ../photos/5e21f07f26d7752f2422574b.jpg Graphic file (type jpg)
<use ../photos/5e21f07f26d7752f2422574b.jpg>
Package pdftex.def Info: ../photos/5e21f07f26d7752f2422574b.jpg  used on input 
line 275.
(pdftex.def)             Requested size: 140.52403pt x 210.78606pt.
<../photos/5e21f08026d7752f24225770.jpg, id=97, 200.75pt x 301.125pt>
File: ../photos/5e21f08026d7752f24225770.jpg Graphic file (type jpg)
<use ../photos/5e21f08026d7752f24225770.jpg>
Package pdftex.def Info: ../photos/5e21f08026d7752f24225770.jpg  used on input 
line 275.
(pdftex.def)             Requested size: 140.52403pt x 210.78606pt.
<../photos/5e21f08026d7752f24225772.jpg, id=98, 200.75pt x 301.125pt>
File: ../photos/5e21f08026d7752f24225772.jpg Graphic file (type jpg)
<use ../photos/5e21f08026d7752f24225772.jpg>
Package pdftex.def Info: ../photos/5e21f08026d7752f24225772.jpg  used on input 
line 275.
(pdftex.def)             Requested size: 140.52403pt x 210.78606pt.
 [12 <../photos/5e21f07f26d7752f24225705.jpg> <../photos/5e21f07f26d7752f242257
1f.jpg> <../photos/5e21f07f26d7752f24225722.jpg> <../photos/5e21f07f26d7752f242
2574b.jpg> <../photos/5e21f08026d7752f24225770.jpg> <../photos/5e21f08026d7752f
24225772.jpg>]
<../photos/5e21f07f26d7752f2422571b.jpg, id=102, 200.75pt x 301.125pt>
File: ../photos/5e21f07f26d7752f2422571b.jpg Graphic file (type jpg)
<use ../photos/5e21f07f26d7752f2422571b.jpg>
Package pdftex.def Info: ../photos/5e21f07f26d7752f2422571b.jpg  used on input 
line 288.
(pdftex.def)             Requested size: 140.52403pt x 210.78606pt.
<../photos/5e21f07f26d7752f24225726.jpg, id=103, 200.75pt x 301.125pt>
File: ../photos/5e21f07f26d7752f24225726.jpg Graphic file (type jpg)
<use ../photos/5e21f07f26d7752f24225726.jpg>
Package pdftex.def Info: ../photos/5e21f07f26d7752f24225726.jpg  used on input 
line 288.
(pdftex.def)             Requested size: 140.52403pt x 210.78606pt.
<../photos/5e21f07f26d7752f24225736.jpg, id=104, 200.75pt x 301.125pt>
File: ../photos/5e21f07f26d7752f24225736.jpg Graphic file (type jpg)
<use ../photos/5e21f07f26d7752f24225736.jpg>
Package pdftex.def Info: ../photos/5e21f07f26d7752f24225736.jpg  used on input 
line 288.
(pdftex.def)             Requested size: 140.52403pt x 210.78606pt.
<../photos/5e21f07f26d7752f2422574f.jpg, id=105, 200.75pt x 301.125pt>
File: ../photos/5e21f07f26d7752f2422574f.jpg Graphic file (type jpg)
<use ../photos/5e21f07f26d7752f2422574f.jpg>
Package pdftex.def Info: ../photos/5e21f07f26d7752f2422574f.jpg  used on input 
line 292.
(pdftex.def)             Requested size: 140.52403pt x 210.78606pt.
<../photos/5e21f08026d7752f2422575a.jpg, id=106, 200.75pt x 301.125pt>
File: ../photos/5e21f08026d7752f2422575a.jpg Graphic file (type jpg)
<use ../photos/5e21f08026d7752f2422575a.jpg>
Package pdftex.def Info: ../photos/5e21f08026d7752f2422575a.jpg  used on input 
line 292.
(pdftex.def)             Requested size: 140.52403pt x 210.78606pt.
<../photos/5e220e1026d7752f24225779.jpg, id=107, 200.75pt x 301.125pt>
File: ../photos/5e220e1026d7752f24225779.jpg Graphic file (type jpg)
<use ../photos/5e220e1026d7752f24225779.jpg>
Package pdftex.def Info: ../photos/5e220e1026d7752f24225779.jpg  used on input 
line 292.
(pdftex.def)             Requested size: 140.52403pt x 210.78606pt.

Overfull \hbox (33.54283pt too wide) in paragraph at lines 287--297
 [][] 
 []

[13 <../photos/5e21f07f26d7752f2422571b.jpg> <../photos/5e21f07f26d7752f2422572
6.jpg> <../photos/5e21f07f26d7752f24225736.jpg> <../photos/5e21f07f26d7752f2422
574f.jpg> <../photos/5e21f08026d7752f2422575a.jpg> <../photos/5e220e1026d7752f2
4225779.jpg>]
<../photos/5e21f07f26d7752f242256f5.jpg, id=112, 200.75pt x 301.125pt>
File: ../photos/5e21f07f26d7752f242256f5.jpg Graphic file (type jpg)
<use ../photos/5e21f07f26d7752f242256f5.jpg>
Package pdftex.def Info: ../photos/5e21f07f26d7752f242256f5.jpg  used on input 
line 305.
(pdftex.def)             Requested size: 140.52403pt x 210.78606pt.
<../photos/5e21f07f26d7752f24225702.jpg, id=113, 200.75pt x 301.125pt>
File: ../photos/5e21f07f26d7752f24225702.jpg Graphic file (type jpg)
<use ../photos/5e21f07f26d7752f24225702.jpg>
Package pdftex.def Info: ../photos/5e21f07f26d7752f24225702.jpg  used on input 
line 305.
(pdftex.def)             Requested size: 140.52403pt x 210.78606pt.
<../photos/5e21f07f26d7752f24225749.jpg, id=114, 200.75pt x 301.125pt>
File: ../photos/5e21f07f26d7752f24225749.jpg Graphic file (type jpg)
<use ../photos/5e21f07f26d7752f24225749.jpg>
Package pdftex.def Info: ../photos/5e21f07f26d7752f24225749.jpg  used on input 
line 309.
(pdftex.def)             Requested size: 140.52403pt x 210.78606pt.
<../photos/5e21f08026d7752f24225766.jpg, id=115, 200.75pt x 301.125pt>
File: ../photos/5e21f08026d7752f24225766.jpg Graphic file (type jpg)
<use ../photos/5e21f08026d7752f24225766.jpg>
Package pdftex.def Info: ../photos/5e21f08026d7752f24225766.jpg  used on input 
line 309.
(pdftex.def)             Requested size: 140.52403pt x 210.78606pt.
 [14 <../photos/5e21f07f26d7752f242256f5.jpg> <../photos/5e21f07f26d7752f242257
02.jpg> <../photos/5e21f07f26d7752f24225749.jpg> <../photos/5e21f08026d7752f242
25766.jpg>]
<../photos/5e21f07f26d7752f24225711.jpg, id=119, 200.75pt x 301.125pt>
File: ../photos/5e21f07f26d7752f24225711.jpg Graphic file (type jpg)
<use ../photos/5e21f07f26d7752f24225711.jpg>
Package pdftex.def Info: ../photos/5e21f07f26d7752f24225711.jpg  used on input 
line 322.
(pdftex.def)             Requested size: 140.52403pt x 210.78606pt.
<../photos/5e21f07f26d7752f24225715.jpg, id=120, 200.75pt x 301.125pt>
File: ../photos/5e21f07f26d7752f24225715.jpg Graphic file (type jpg)
<use ../photos/5e21f07f26d7752f24225715.jpg>
Package pdftex.def Info: ../photos/5e21f07f26d7752f24225715.jpg  used on input 
line 322.
(pdftex.def)             Requested size: 140.52403pt x 210.78606pt.
<../photos/5e21f07f26d7752f24225724.jpg, id=121, 200.75pt x 301.125pt>
File: ../photos/5e21f07f26d7752f24225724.jpg Graphic file (type jpg)
<use ../photos/5e21f07f26d7752f24225724.jpg>
Package pdftex.def Info: ../photos/5e21f07f26d7752f24225724.jpg  used on input 
line 322.
(pdftex.def)             Requested size: 140.52403pt x 210.78606pt.
<../photos/5e21f07f26d7752f2422572d.jpg, id=122, 200.75pt x 301.125pt>
File: ../photos/5e21f07f26d7752f2422572d.jpg Graphic file (type jpg)
<use ../photos/5e21f07f26d7752f2422572d.jpg>
Package pdftex.def Info: ../photos/5e21f07f26d7752f2422572d.jpg  used on input 
line 326.
(pdftex.def)             Requested size: 140.52403pt x 210.78606pt.
<../photos/5e21f07f26d7752f24225738.jpg, id=123, 200.75pt x 301.125pt>
File: ../photos/5e21f07f26d7752f24225738.jpg Graphic file (type jpg)
<use ../photos/5e21f07f26d7752f24225738.jpg>
Package pdftex.def Info: ../photos/5e21f07f26d7752f24225738.jpg  used on input 
line 326.
(pdftex.def)             Requested size: 140.52403pt x 210.78606pt.
<../photos/5e21f07f26d7752f2422573b.jpg, id=124, 200.75pt x 301.125pt>
File: ../photos/5e21f07f26d7752f2422573b.jpg Graphic file (type jpg)
<use ../photos/5e21f07f26d7752f2422573b.jpg>
Package pdftex.def Info: ../photos/5e21f07f26d7752f2422573b.jpg  used on input 
line 326.
(pdftex.def)             Requested size: 140.52403pt x 210.78606pt.
 [15 <../photos/5e21f07f26d7752f24225711.jpg> <../photos/5e21f07f26d7752f242257
15.jpg> <../photos/5e21f07f26d7752f24225724.jpg> <../photos/5e21f07f26d7752f242
2572d.jpg> <../photos/5e21f07f26d7752f24225738.jpg> <../photos/5e21f07f26d7752f
2422573b.jpg>]
<../photos/5e21f07f26d7752f24225709.jpg, id=128, 200.75pt x 301.125pt>
File: ../photos/5e21f07f26d7752f24225709.jpg Graphic file (type jpg)
<use ../photos/5e21f07f26d7752f24225709.jpg>
Package pdftex.def Info: ../photos/5e21f07f26d7752f24225709.jpg  used on input 
line 339.
(pdftex.def)             Requested size: 140.52403pt x 210.78606pt.
<../photos/5e21f07f26d7752f2422571c.jpg, id=129, 200.75pt x 301.125pt>
File: ../photos/5e21f07f26d7752f2422571c.jpg Graphic file (type jpg)
<use ../photos/5e21f07f26d7752f2422571c.jpg>
Package pdftex.def Info: ../photos/5e21f07f26d7752f2422571c.jpg  used on input 
line 339.
(pdftex.def)             Requested size: 140.52403pt x 210.78606pt.
<../photos/5e21f07f26d7752f2422572f.jpg, id=130, 200.75pt x 301.125pt>
File: ../photos/5e21f07f26d7752f2422572f.jpg Graphic file (type jpg)
<use ../photos/5e21f07f26d7752f2422572f.jpg>
Package pdftex.def Info: ../photos/5e21f07f26d7752f2422572f.jpg  used on input 
line 339.
(pdftex.def)             Requested size: 140.52403pt x 210.78606pt.
<../photos/5e21f07f26d7752f2422573f.jpg, id=131, 200.75pt x 301.125pt>
File: ../photos/5e21f07f26d7752f2422573f.jpg Graphic file (type jpg)
<use ../photos/5e21f07f26d7752f2422573f.jpg>
Package pdftex.def Info: ../photos/5e21f07f26d7752f2422573f.jpg  used on input 
line 343.
(pdftex.def)             Requested size: 140.52403pt x 210.78606pt.
<../photos/5e21f07f26d7752f24225740.jpg, id=132, 200.75pt x 301.125pt>
File: ../photos/5e21f07f26d7752f24225740.jpg Graphic file (type jpg)
<use ../photos/5e21f07f26d7752f24225740.jpg>
Package pdftex.def Info: ../photos/5e21f07f26d7752f24225740.jpg  used on input 
line 343.
(pdftex.def)             Requested size: 140.52403pt x 210.78606pt.
<../photos/5e21f08026d7752f2422576e.jpg, id=133, 200.75pt x 301.125pt>
File: ../photos/5e21f08026d7752f2422576e.jpg Graphic file (type jpg)
<use ../photos/5e21f08026d7752f2422576e.jpg>
Package pdftex.def Info: ../photos/5e21f08026d7752f2422576e.jpg  used on input 
line 343.
(pdftex.def)             Requested size: 140.52403pt x 210.78606pt.
 [16 <../photos/5e21f07f26d7752f24225709.jpg> <../photos/5e21f07f26d7752f242257
1c.jpg> <../photos/5e21f07f26d7752f2422572f.jpg> <../photos/5e21f07f26d7752f242
2573f.jpg> <../photos/5e21f07f26d7752f24225740.jpg> <../photos/5e21f08026d7752f
2422576e.jpg>]
<../photos/5e21f07f26d7752f2422570d.jpg, id=137, 200.75pt x 301.125pt>
File: ../photos/5e21f07f26d7752f2422570d.jpg Graphic file (type jpg)
<use ../photos/5e21f07f26d7752f2422570d.jpg>
Package pdftex.def Info: ../photos/5e21f07f26d7752f2422570d.jpg  used on input 
line 356.
(pdftex.def)             Requested size: 140.52403pt x 210.78606pt.
<../photos/5e21f07f26d7752f2422570e.jpg, id=138, 200.75pt x 301.125pt>
File: ../photos/5e21f07f26d7752f2422570e.jpg Graphic file (type jpg)
<use ../photos/5e21f07f26d7752f2422570e.jpg>
Package pdftex.def Info: ../photos/5e21f07f26d7752f2422570e.jpg  used on input 
line 356.
(pdftex.def)             Requested size: 140.52403pt x 210.78606pt.
<../photos/5e21f08026d7752f24225760.jpg, id=139, 200.75pt x 301.125pt>
File: ../photos/5e21f08026d7752f24225760.jpg Graphic file (type jpg)
<use ../photos/5e21f08026d7752f24225760.jpg>
Package pdftex.def Info: ../photos/5e21f08026d7752f24225760.jpg  used on input 
line 356.
(pdftex.def)             Requested size: 140.52403pt x 210.78606pt.
<../photos/5e21f08026d7752f24225763.jpg, id=140, 200.75pt x 301.125pt>
File: ../photos/5e21f08026d7752f24225763.jpg Graphic file (type jpg)
<use ../photos/5e21f08026d7752f24225763.jpg>
Package pdftex.def Info: ../photos/5e21f08026d7752f24225763.jpg  used on input 
line 361.
(pdftex.def)             Requested size: 140.52403pt x 210.78606pt.
<../photos/5e21f08026d7752f24225765.jpg, id=141, 200.75pt x 301.125pt>
File: ../photos/5e21f08026d7752f24225765.jpg Graphic file (type jpg)
<use ../photos/5e21f08026d7752f24225765.jpg>
Package pdftex.def Info: ../photos/5e21f08026d7752f24225765.jpg  used on input 
line 361.
(pdftex.def)             Requested size: 140.52403pt x 210.78606pt.
 [17 <../photos/5e21f07f26d7752f2422570d.jpg> <../photos/5e21f07f26d7752f242257
0e.jpg> <../photos/5e21f08026d7752f24225760.jpg> <../photos/5e21f08026d7752f242
25763.jpg> <../photos/5e21f08026d7752f24225765.jpg>]
<../photos/5e21f07f26d7752f24225727.jpg, id=145, 200.75pt x 301.125pt>
File: ../photos/5e21f07f26d7752f24225727.jpg Graphic file (type jpg)
<use ../photos/5e21f07f26d7752f24225727.jpg>
Package pdftex.def Info: ../photos/5e21f07f26d7752f24225727.jpg  used on input 
line 374.
(pdftex.def)             Requested size: 140.52403pt x 210.78606pt.
<../photos/5e21f07f26d7752f24225731.jpg, id=146, 200.75pt x 301.125pt>
File: ../photos/5e21f07f26d7752f24225731.jpg Graphic file (type jpg)
<use ../photos/5e21f07f26d7752f24225731.jpg>
Package pdftex.def Info: ../photos/5e21f07f26d7752f24225731.jpg  used on input 
line 374.
(pdftex.def)             Requested size: 140.52403pt x 210.78606pt.
<../photos/5e21f07f26d7752f2422573c.jpg, id=147, 200.75pt x 301.125pt>
File: ../photos/5e21f07f26d7752f2422573c.jpg Graphic file (type jpg)
<use ../photos/5e21f07f26d7752f2422573c.jpg>
Package pdftex.def Info: ../photos/5e21f07f26d7752f2422573c.jpg  used on input 
line 374.
(pdftex.def)             Requested size: 140.52403pt x 210.78606pt.
<../photos/5e21f08026d7752f2422575c.jpg, id=148, 200.75pt x 301.125pt>
File: ../photos/5e21f08026d7752f2422575c.jpg Graphic file (type jpg)
<use ../photos/5e21f08026d7752f2422575c.jpg>
Package pdftex.def Info: ../photos/5e21f08026d7752f2422575c.jpg  used on input 
line 378.
(pdftex.def)             Requested size: 140.52403pt x 210.78606pt.
<../photos/5e21f08026d7752f2422575d.jpg, id=149, 200.75pt x 301.125pt>
File: ../photos/5e21f08026d7752f2422575d.jpg Graphic file (type jpg)
<use ../photos/5e21f08026d7752f2422575d.jpg>
Package pdftex.def Info: ../photos/5e21f08026d7752f2422575d.jpg  used on input 
line 378.
(pdftex.def)             Requested size: 140.52403pt x 210.78606pt.
<../photos/5e21f08026d7752f24225764.jpg, id=150, 200.75pt x 301.125pt>
File: ../photos/5e21f08026d7752f24225764.jpg Graphic file (type jpg)
<use ../photos/5e21f08026d7752f24225764.jpg>
Package pdftex.def Info: ../photos/5e21f08026d7752f24225764.jpg  used on input 
line 378.
(pdftex.def)             Requested size: 140.52403pt x 210.78606pt.
 [18 <../photos/5e21f07f26d7752f24225727.jpg> <../photos/5e21f07f26d7752f242257
31.jpg> <../photos/5e21f07f26d7752f2422573c.jpg> <../photos/5e21f08026d7752f242
2575c.jpg> <../photos/5e21f08026d7752f2422575d.jpg> <../photos/5e21f08026d7752f
24225764.jpg>]
<../photos/5e21f07f26d7752f24225717.jpg, id=154, 200.75pt x 301.125pt>
File: ../photos/5e21f07f26d7752f24225717.jpg Graphic file (type jpg)
<use ../photos/5e21f07f26d7752f24225717.jpg>
Package pdftex.def Info: ../photos/5e21f07f26d7752f24225717.jpg  used on input 
line 391.
(pdftex.def)             Requested size: 140.52403pt x 210.78606pt.
<../photos/5e21f08026d7752f24225767.jpg, id=155, 200.75pt x 301.125pt>
File: ../photos/5e21f08026d7752f24225767.jpg Graphic file (type jpg)
<use ../photos/5e21f08026d7752f24225767.jpg>
Package pdftex.def Info: ../photos/5e21f08026d7752f24225767.jpg  used on input 
line 391.
(pdftex.def)             Requested size: 140.52403pt x 210.78606pt.
<../photos/5e21f08026d7752f2422576d.jpg, id=156, 200.75pt x 301.125pt>
File: ../photos/5e21f08026d7752f2422576d.jpg Graphic file (type jpg)
<use ../photos/5e21f08026d7752f2422576d.jpg>
Package pdftex.def Info: ../photos/5e21f08026d7752f2422576d.jpg  used on input 
line 391.
(pdftex.def)             Requested size: 140.52403pt x 210.78606pt.
<../photos/5e21f08026d7752f24225771.jpg, id=157, 200.75pt x 301.125pt>
File: ../photos/5e21f08026d7752f24225771.jpg Graphic file (type jpg)
<use ../photos/5e21f08026d7752f24225771.jpg>
Package pdftex.def Info: ../photos/5e21f08026d7752f24225771.jpg  used on input 
line 396.
(pdftex.def)             Requested size: 140.52403pt x 210.78606pt.
<../photos/5e21f08026d7752f24225775.jpg, id=158, 200.75pt x 301.125pt>
File: ../photos/5e21f08026d7752f24225775.jpg Graphic file (type jpg)
<use ../photos/5e21f08026d7752f24225775.jpg>
Package pdftex.def Info: ../photos/5e21f08026d7752f24225775.jpg  used on input 
line 396.
(pdftex.def)             Requested size: 140.52403pt x 210.78606pt.
 [19 <../photos/5e21f07f26d7752f24225717.jpg> <../photos/5e21f08026d7752f242257
67.jpg> <../photos/5e21f08026d7752f2422576d.jpg> <../photos/5e21f08026d7752f242
25771.jpg> <../photos/5e21f08026d7752f24225775.jpg>]
<../photos/5e21f07e26d7752f242256ee.jpg, id=163, 200.75pt x 301.125pt>
File: ../photos/5e21f07e26d7752f242256ee.jpg Graphic file (type jpg)
<use ../photos/5e21f07e26d7752f242256ee.jpg>
Package pdftex.def Info: ../photos/5e21f07e26d7752f242256ee.jpg  used on input 
line 409.
(pdftex.def)             Requested size: 140.52403pt x 210.78606pt.
<../photos/5e21f07f26d7752f2422572a.jpg, id=164, 200.75pt x 301.125pt>
File: ../photos/5e21f07f26d7752f2422572a.jpg Graphic file (type jpg)
<use ../photos/5e21f07f26d7752f2422572a.jpg>
Package pdftex.def Info: ../photos/5e21f07f26d7752f2422572a.jpg  used on input 
line 409.
(pdftex.def)             Requested size: 140.52403pt x 210.78606pt.
<../photos/5e21f07f26d7752f24225743.jpg, id=165, 200.75pt x 301.125pt>
File: ../photos/5e21f07f26d7752f24225743.jpg Graphic file (type jpg)
<use ../photos/5e21f07f26d7752f24225743.jpg>
Package pdftex.def Info: ../photos/5e21f07f26d7752f24225743.jpg  used on input 
line 413.
(pdftex.def)             Requested size: 140.52403pt x 210.78606pt.
<../photos/5e21f07f26d7752f24225746.jpg, id=166, 200.75pt x 301.125pt>
File: ../photos/5e21f07f26d7752f24225746.jpg Graphic file (type jpg)
<use ../photos/5e21f07f26d7752f24225746.jpg>
Package pdftex.def Info: ../photos/5e21f07f26d7752f24225746.jpg  used on input 
line 413.
(pdftex.def)             Requested size: 140.52403pt x 210.78606pt.
 [20 <../photos/5e21f07e26d7752f242256ee.jpg> <../photos/5e21f07f26d7752f242257
2a.jpg> <../photos/5e21f07f26d7752f24225743.jpg> <../photos/5e21f07f26d7752f242
25746.jpg>]
<../photos/5e21f07e26d7752f242256ef.jpg, id=170, 200.75pt x 301.125pt>
File: ../photos/5e21f07e26d7752f242256ef.jpg Graphic file (type jpg)
<use ../photos/5e21f07e26d7752f242256ef.jpg>
Package pdftex.def Info: ../photos/5e21f07e26d7752f242256ef.jpg  used on input 
line 426.
(pdftex.def)             Requested size: 140.52403pt x 210.78606pt.
<../photos/5e21f07f26d7752f2422570b.jpg, id=171, 200.75pt x 301.125pt>
File: ../photos/5e21f07f26d7752f2422570b.jpg Graphic file (type jpg)
<use ../photos/5e21f07f26d7752f2422570b.jpg>
Package pdftex.def Info: ../photos/5e21f07f26d7752f2422570b.jpg  used on input 
line 426.
(pdftex.def)             Requested size: 140.52403pt x 210.78606pt.
<../photos/5e21f07f26d7752f24225735.jpg, id=172, 200.75pt x 301.125pt>
File: ../photos/5e21f07f26d7752f24225735.jpg Graphic file (type jpg)
<use ../photos/5e21f07f26d7752f24225735.jpg>
Package pdftex.def Info: ../photos/5e21f07f26d7752f24225735.jpg  used on input 
line 426.
(pdftex.def)             Requested size: 140.52403pt x 210.78606pt.
<../photos/5e21f08026d7752f24225753.jpg, id=173, 200.75pt x 301.125pt>
File: ../photos/5e21f08026d7752f24225753.jpg Graphic file (type jpg)
<use ../photos/5e21f08026d7752f24225753.jpg>
Package pdftex.def Info: ../photos/5e21f08026d7752f24225753.jpg  used on input 
line 430.
(pdftex.def)             Requested size: 140.52403pt x 210.78606pt.
<../photos/5e21f08026d7752f24225759.jpg, id=174, 200.75pt x 301.125pt>
File: ../photos/5e21f08026d7752f24225759.jpg Graphic file (type jpg)
<use ../photos/5e21f08026d7752f24225759.jpg>
Package pdftex.def Info: ../photos/5e21f08026d7752f24225759.jpg  used on input 
line 430.
(pdftex.def)             Requested size: 140.52403pt x 210.78606pt.
<../photos/5e21f08026d7752f24225761.jpg, id=175, 200.75pt x 301.125pt>
File: ../photos/5e21f08026d7752f24225761.jpg Graphic file (type jpg)
<use ../photos/5e21f08026d7752f24225761.jpg>
Package pdftex.def Info: ../photos/5e21f08026d7752f24225761.jpg  used on input 
line 430.
(pdftex.def)             Requested size: 140.52403pt x 210.78606pt.
 [21 <../photos/5e21f07e26d7752f242256ef.jpg> <../photos/5e21f07f26d7752f242257
0b.jpg> <../photos/5e21f07f26d7752f24225735.jpg> <../photos/5e21f08026d7752f242
25753.jpg> <../photos/5e21f08026d7752f24225759.jpg> <../photos/5e21f08026d7752f
24225761.jpg>]
<../photos/5e21f07f26d7752f242256f4.jpg, id=179, 200.75pt x 301.125pt>
File: ../photos/5e21f07f26d7752f242256f4.jpg Graphic file (type jpg)
<use ../photos/5e21f07f26d7752f242256f4.jpg>
Package pdftex.def Info: ../photos/5e21f07f26d7752f242256f4.jpg  used on input 
line 443.
(pdftex.def)             Requested size: 140.52403pt x 210.78606pt.
<../photos/5e21f07f26d7752f24225716.jpg, id=180, 200.75pt x 301.125pt>
File: ../photos/5e21f07f26d7752f24225716.jpg Graphic file (type jpg)
<use ../photos/5e21f07f26d7752f24225716.jpg>
Package pdftex.def Info: ../photos/5e21f07f26d7752f24225716.jpg  used on input 
line 443.
(pdftex.def)             Requested size: 140.52403pt x 210.78606pt.
<../photos/5e21f07f26d7752f24225730.jpg, id=181, 200.75pt x 301.125pt>
File: ../photos/5e21f07f26d7752f24225730.jpg Graphic file (type jpg)
<use ../photos/5e21f07f26d7752f24225730.jpg>
Package pdftex.def Info: ../photos/5e21f07f26d7752f24225730.jpg  used on input 
line 447.
(pdftex.def)             Requested size: 140.52403pt x 210.78606pt.
<../photos/5e21f08026d7752f24225752.jpg, id=182, 200.75pt x 301.125pt>
File: ../photos/5e21f08026d7752f24225752.jpg Graphic file (type jpg)
<use ../photos/5e21f08026d7752f24225752.jpg>
Package pdftex.def Info: ../photos/5e21f08026d7752f24225752.jpg  used on input 
line 447.
(pdftex.def)             Requested size: 140.52403pt x 210.78606pt.
 [22 <../photos/5e21f07f26d7752f242256f4.jpg> <../photos/5e21f07f26d7752f242257
16.jpg> <../photos/5e21f07f26d7752f24225730.jpg> <../photos/5e21f08026d7752f242
25752.jpg>]
<../photos/5e21f07e26d7752f242256f0.jpg, id=186, 200.75pt x 301.125pt>
File: ../photos/5e21f07e26d7752f242256f0.jpg Graphic file (type jpg)
<use ../photos/5e21f07e26d7752f242256f0.jpg>
Package pdftex.def Info: ../photos/5e21f07e26d7752f242256f0.jpg  used on input 
line 460.
(pdftex.def)             Requested size: 140.52403pt x 210.78606pt.
<../photos/5e21f07f26d7752f242256f8.jpg, id=187, 200.75pt x 301.125pt>
File: ../photos/5e21f07f26d7752f242256f8.jpg Graphic file (type jpg)
<use ../photos/5e21f07f26d7752f242256f8.jpg>
Package pdftex.def Info: ../photos/5e21f07f26d7752f242256f8.jpg  used on input 
line 460.
(pdftex.def)             Requested size: 140.52403pt x 210.78606pt.
<../photos/5e21f07f26d7752f24225707.jpg, id=188, 200.75pt x 301.125pt>
File: ../photos/5e21f07f26d7752f24225707.jpg Graphic file (type jpg)
<use ../photos/5e21f07f26d7752f24225707.jpg>
Package pdftex.def Info: ../photos/5e21f07f26d7752f24225707.jpg  used on input 
line 460.
(pdftex.def)             Requested size: 140.52403pt x 210.78606pt.
<../photos/5e21f08026d7752f24225755.jpg, id=189, 200.75pt x 301.125pt>
File: ../photos/5e21f08026d7752f24225755.jpg Graphic file (type jpg)
<use ../photos/5e21f08026d7752f24225755.jpg>
Package pdftex.def Info: ../photos/5e21f08026d7752f24225755.jpg  used on input 
line 464.
(pdftex.def)             Requested size: 140.52403pt x 210.78606pt.
<../photos/5e23616526d7752f2422577d.jpg, id=190, 200.75pt x 301.125pt>
File: ../photos/5e23616526d7752f2422577d.jpg Graphic file (type jpg)
<use ../photos/5e23616526d7752f2422577d.jpg>
Package pdftex.def Info: ../photos/5e23616526d7752f2422577d.jpg  used on input 
line 464.
(pdftex.def)             Requested size: 140.52403pt x 210.78606pt.
<../photos/5e23618e26d7752f2422577e.jpg, id=191, 200.75pt x 301.125pt>
File: ../photos/5e23618e26d7752f2422577e.jpg Graphic file (type jpg)
<use ../photos/5e23618e26d7752f2422577e.jpg>
Package pdftex.def Info: ../photos/5e23618e26d7752f2422577e.jpg  used on input 
line 464.
(pdftex.def)             Requested size: 140.52403pt x 210.78606pt.
 [23 <../photos/5e21f07e26d7752f242256f0.jpg> <../photos/5e21f07f26d7752f242256
f8.jpg> <../photos/5e21f07f26d7752f24225707.jpg> <../photos/5e21f08026d7752f242
25755.jpg> <../photos/5e23616526d7752f2422577d.jpg> <../photos/5e23618e26d7752f
2422577e.jpg>]
<../photos/5e21f07f26d7752f242256fd.jpg, id=195, 200.75pt x 301.125pt>
File: ../photos/5e21f07f26d7752f242256fd.jpg Graphic file (type jpg)
<use ../photos/5e21f07f26d7752f242256fd.jpg>
Package pdftex.def Info: ../photos/5e21f07f26d7752f242256fd.jpg  used on input 
line 477.
(pdftex.def)             Requested size: 140.52403pt x 210.78606pt.
<../photos/5e21f07f26d7752f242256fe.jpg, id=196, 200.75pt x 301.125pt>
File: ../photos/5e21f07f26d7752f242256fe.jpg Graphic file (type jpg)
<use ../photos/5e21f07f26d7752f242256fe.jpg>
Package pdftex.def Info: ../photos/5e21f07f26d7752f242256fe.jpg  used on input 
line 477.
(pdftex.def)             Requested size: 140.52403pt x 210.78606pt.
<../photos/5e21f07f26d7752f24225710.jpg, id=197, 200.75pt x 301.125pt>
File: ../photos/5e21f07f26d7752f24225710.jpg Graphic file (type jpg)
<use ../photos/5e21f07f26d7752f24225710.jpg>
Package pdftex.def Info: ../photos/5e21f07f26d7752f24225710.jpg  used on input 
line 477.
(pdftex.def)             Requested size: 140.52403pt x 210.78606pt.
<../photos/5e21f07f26d7752f2422572c.jpg, id=198, 200.75pt x 301.125pt>
File: ../photos/5e21f07f26d7752f2422572c.jpg Graphic file (type jpg)
<use ../photos/5e21f07f26d7752f2422572c.jpg>
Package pdftex.def Info: ../photos/5e21f07f26d7752f2422572c.jpg  used on input 
line 481.
(pdftex.def)             Requested size: 140.52403pt x 210.78606pt.
<../photos/5e21f07f26d7752f24225744.jpg, id=199, 200.75pt x 301.125pt>
File: ../photos/5e21f07f26d7752f24225744.jpg Graphic file (type jpg)
<use ../photos/5e21f07f26d7752f24225744.jpg>
Package pdftex.def Info: ../photos/5e21f07f26d7752f24225744.jpg  used on input 
line 481.
(pdftex.def)             Requested size: 140.52403pt x 210.78606pt.
<../photos/5e21f08026d7752f24225773.jpg, id=200, 200.75pt x 301.125pt>
File: ../photos/5e21f08026d7752f24225773.jpg Graphic file (type jpg)
<use ../photos/5e21f08026d7752f24225773.jpg>
Package pdftex.def Info: ../photos/5e21f08026d7752f24225773.jpg  used on input 
line 481.
(pdftex.def)             Requested size: 140.52403pt x 210.78606pt.
 [24 <../photos/5e21f07f26d7752f242256fd.jpg> <../photos/5e21f07f26d7752f242256
fe.jpg> <../photos/5e21f07f26d7752f24225710.jpg> <../photos/5e21f07f26d7752f242
2572c.jpg> <../photos/5e21f07f26d7752f24225744.jpg> <../photos/5e21f08026d7752f
24225773.jpg>]
<../photos/5e21f07f26d7752f242256fb.jpg, id=204, 200.75pt x 301.125pt>
File: ../photos/5e21f07f26d7752f242256fb.jpg Graphic file (type jpg)
<use ../photos/5e21f07f26d7752f242256fb.jpg>
Package pdftex.def Info: ../photos/5e21f07f26d7752f242256fb.jpg  used on input 
line 494.
(pdftex.def)             Requested size: 140.52403pt x 210.78606pt.
<../photos/5e21f07f26d7752f24225718.jpg, id=205, 200.75pt x 301.125pt>
File: ../photos/5e21f07f26d7752f24225718.jpg Graphic file (type jpg)
<use ../photos/5e21f07f26d7752f24225718.jpg>
Package pdftex.def Info: ../photos/5e21f07f26d7752f24225718.jpg  used on input 
line 494.
(pdftex.def)             Requested size: 140.52403pt x 210.78606pt.
<../photos/5e21f07f26d7752f24225719.jpg, id=206, 200.75pt x 301.125pt>
File: ../photos/5e21f07f26d7752f24225719.jpg Graphic file (type jpg)
<use ../photos/5e21f07f26d7752f24225719.jpg>
Package pdftex.def Info: ../photos/5e21f07f26d7752f24225719.jpg  used on input 
line 498.
(pdftex.def)             Requested size: 140.52403pt x 210.78606pt.
<../photos/5e21f07f26d7752f2422571e.jpg, id=207, 200.75pt x 301.125pt>
File: ../photos/5e21f07f26d7752f2422571e.jpg Graphic file (type jpg)
<use ../photos/5e21f07f26d7752f2422571e.jpg>
Package pdftex.def Info: ../photos/5e21f07f26d7752f2422571e.jpg  used on input 
line 498.
(pdftex.def)             Requested size: 140.52403pt x 210.78606pt.

[25 <../photos/5e21f07f26d7752f242256fb.jpg> <../photos/5e21f07f26d7752f2422571
8.jpg> <../photos/5e21f07f26d7752f24225719.jpg> <../photos/5e21f07f26d7752f2422
571e.jpg>]
<../photos/5e21f07f26d7752f242256f9.jpg, id=212, 200.75pt x 301.125pt>
File: ../photos/5e21f07f26d7752f242256f9.jpg Graphic file (type jpg)
<use ../photos/5e21f07f26d7752f242256f9.jpg>
Package pdftex.def Info: ../photos/5e21f07f26d7752f242256f9.jpg  used on input 
line 511.
(pdftex.def)             Requested size: 140.52403pt x 210.78606pt.
<../photos/5e21f07f26d7752f242256fa.jpg, id=213, 200.75pt x 301.125pt>
File: ../photos/5e21f07f26d7752f242256fa.jpg Graphic file (type jpg)
<use ../photos/5e21f07f26d7752f242256fa.jpg>
Package pdftex.def Info: ../photos/5e21f07f26d7752f242256fa.jpg  used on input 
line 511.
(pdftex.def)             Requested size: 140.52403pt x 210.78606pt.
<../photos/5e21f07f26d7752f24225713.jpg, id=214, 200.75pt x 301.125pt>
File: ../photos/5e21f07f26d7752f24225713.jpg Graphic file (type jpg)
<use ../photos/5e21f07f26d7752f24225713.jpg>
Package pdftex.def Info: ../photos/5e21f07f26d7752f24225713.jpg  used on input 
line 511.
(pdftex.def)             Requested size: 140.52403pt x 210.78606pt.
<../photos/5e21f07f26d7752f24225745.jpg, id=215, 200.75pt x 301.125pt>
File: ../photos/5e21f07f26d7752f24225745.jpg Graphic file (type jpg)
<use ../photos/5e21f07f26d7752f24225745.jpg>
Package pdftex.def Info: ../photos/5e21f07f26d7752f24225745.jpg  used on input 
line 515.
(pdftex.def)             Requested size: 140.52403pt x 210.78606pt.
<../photos/5e21f07f26d7752f2422574e.jpg, id=216, 200.75pt x 301.125pt>
File: ../photos/5e21f07f26d7752f2422574e.jpg Graphic file (type jpg)
<use ../photos/5e21f07f26d7752f2422574e.jpg>
Package pdftex.def Info: ../photos/5e21f07f26d7752f2422574e.jpg  used on input 
line 515.
(pdftex.def)             Requested size: 140.52403pt x 210.78606pt.
<../photos/5e21f08026d7752f2422576f.jpg, id=217, 200.75pt x 301.125pt>
File: ../photos/5e21f08026d7752f2422576f.jpg Graphic file (type jpg)
<use ../photos/5e21f08026d7752f2422576f.jpg>
Package pdftex.def Info: ../photos/5e21f08026d7752f2422576f.jpg  used on input 
line 515.
(pdftex.def)             Requested size: 140.52403pt x 210.78606pt.
 [26 <../photos/5e21f07f26d7752f242256f9.jpg> <../photos/5e21f07f26d7752f242256
fa.jpg> <../photos/5e21f07f26d7752f24225713.jpg> <../photos/5e21f07f26d7752f242
25745.jpg> <../photos/5e21f07f26d7752f2422574e.jpg> <../photos/5e21f08026d7752f
2422576f.jpg>]
<../photos/5e21f07f26d7752f24225729.jpg, id=221, 200.75pt x 301.125pt>
File: ../photos/5e21f07f26d7752f24225729.jpg Graphic file (type jpg)
<use ../photos/5e21f07f26d7752f24225729.jpg>
Package pdftex.def Info: ../photos/5e21f07f26d7752f24225729.jpg  used on input 
line 528.
(pdftex.def)             Requested size: 140.52403pt x 210.78606pt.
<../photos/5e21f07f26d7752f24225750.jpg, id=222, 200.75pt x 301.125pt>
File: ../photos/5e21f07f26d7752f24225750.jpg Graphic file (type jpg)
<use ../photos/5e21f07f26d7752f24225750.jpg>
Package pdftex.def Info: ../photos/5e21f07f26d7752f24225750.jpg  used on input 
line 528.
(pdftex.def)             Requested size: 140.52403pt x 210.78606pt.
<../photos/5e21f08026d7752f24225768.jpg, id=223, 200.75pt x 301.125pt>
File: ../photos/5e21f08026d7752f24225768.jpg Graphic file (type jpg)
<use ../photos/5e21f08026d7752f24225768.jpg>
Package pdftex.def Info: ../photos/5e21f08026d7752f24225768.jpg  used on input 
line 528.
(pdftex.def)             Requested size: 140.52403pt x 210.78606pt.
<../photos/5e21f08026d7752f24225769.jpg, id=224, 200.75pt x 301.125pt>
File: ../photos/5e21f08026d7752f24225769.jpg Graphic file (type jpg)
<use ../photos/5e21f08026d7752f24225769.jpg>
Package pdftex.def Info: ../photos/5e21f08026d7752f24225769.jpg  used on input 
line 533.
(pdftex.def)             Requested size: 140.52403pt x 210.78606pt.
<../photos/5e235e1526d7752f2422577c.jpg, id=225, 200.75pt x 301.125pt>
File: ../photos/5e235e1526d7752f2422577c.jpg Graphic file (type jpg)
<use ../photos/5e235e1526d7752f2422577c.jpg>
Package pdftex.def Info: ../photos/5e235e1526d7752f2422577c.jpg  used on input 
line 533.
(pdftex.def)             Requested size: 140.52403pt x 210.78606pt.
 [27 <../photos/5e21f07f26d7752f24225729.jpg> <../photos/5e21f07f26d7752f242257
50.jpg> <../photos/5e21f08026d7752f24225768.jpg> <../photos/5e21f08026d7752f242
25769.jpg> <../photos/5e235e1526d7752f2422577c.jpg>]
<../photos/5e21f07e26d7752f242256ed.jpg, id=229, 200.75pt x 301.125pt>
File: ../photos/5e21f07e26d7752f242256ed.jpg Graphic file (type jpg)
<use ../photos/5e21f07e26d7752f242256ed.jpg>
Package pdftex.def Info: ../photos/5e21f07e26d7752f242256ed.jpg  used on input 
line 546.
(pdftex.def)             Requested size: 140.52403pt x 210.78606pt.
<../photos/5e21f07f26d7752f24225703.jpg, id=230, 200.75pt x 301.125pt>
File: ../photos/5e21f07f26d7752f24225703.jpg Graphic file (type jpg)
<use ../photos/5e21f07f26d7752f24225703.jpg>
Package pdftex.def Info: ../photos/5e21f07f26d7752f24225703.jpg  used on input 
line 546.
(pdftex.def)             Requested size: 140.52403pt x 210.78606pt.
<../photos/5e21f07f26d7752f24225706.jpg, id=231, 200.75pt x 301.125pt>
File: ../photos/5e21f07f26d7752f24225706.jpg Graphic file (type jpg)
<use ../photos/5e21f07f26d7752f24225706.jpg>
Package pdftex.def Info: ../photos/5e21f07f26d7752f24225706.jpg  used on input 
line 546.
(pdftex.def)             Requested size: 140.52403pt x 210.78606pt.
<../photos/5e21f07f26d7752f24225721.jpg, id=232, 200.75pt x 301.125pt>
File: ../photos/5e21f07f26d7752f24225721.jpg Graphic file (type jpg)
<use ../photos/5e21f07f26d7752f24225721.jpg>
Package pdftex.def Info: ../photos/5e21f07f26d7752f24225721.jpg  used on input 
line 551.
(pdftex.def)             Requested size: 140.52403pt x 210.78606pt.
<../photos/5e21f07f26d7752f24225741.jpg, id=233, 200.75pt x 301.125pt>
File: ../photos/5e21f07f26d7752f24225741.jpg Graphic file (type jpg)
<use ../photos/5e21f07f26d7752f24225741.jpg>
Package pdftex.def Info: ../photos/5e21f07f26d7752f24225741.jpg  used on input 
line 551.
(pdftex.def)             Requested size: 140.52403pt x 210.78606pt.

[28 <../photos/5e21f07e26d7752f242256ed.jpg> <../photos/5e21f07f26d7752f2422570
3.jpg> <../photos/5e21f07f26d7752f24225706.jpg> <../photos/5e21f07f26d7752f2422
5721.jpg> <../photos/5e21f07f26d7752f24225741.jpg>]
<../photos/5e21f07f26d7752f24225742.jpg, id=237, 200.75pt x 301.125pt>
File: ../photos/5e21f07f26d7752f24225742.jpg Graphic file (type jpg)
<use ../photos/5e21f07f26d7752f24225742.jpg>
Package pdftex.def Info: ../photos/5e21f07f26d7752f24225742.jpg  used on input 
line 564.
(pdftex.def)             Requested size: 140.52403pt x 210.78606pt.
<../photos/5e21f07f26d7752f24225751.jpg, id=238, 200.75pt x 301.125pt>
File: ../photos/5e21f07f26d7752f24225751.jpg Graphic file (type jpg)
<use ../photos/5e21f07f26d7752f24225751.jpg>
Package pdftex.def Info: ../photos/5e21f07f26d7752f24225751.jpg  used on input 
line 564.
(pdftex.def)             Requested size: 140.52403pt x 210.78606pt.
<../photos/5e21f08026d7752f2422575b.jpg, id=239, 200.75pt x 301.125pt>
File: ../photos/5e21f08026d7752f2422575b.jpg Graphic file (type jpg)
<use ../photos/5e21f08026d7752f2422575b.jpg>
Package pdftex.def Info: ../photos/5e21f08026d7752f2422575b.jpg  used on input 
line 564.
(pdftex.def)             Requested size: 140.52403pt x 210.78606pt.
<../photos/5e21f08026d7752f2422575e.jpg, id=240, 200.75pt x 301.125pt>
File: ../photos/5e21f08026d7752f2422575e.jpg Graphic file (type jpg)
<use ../photos/5e21f08026d7752f2422575e.jpg>
Package pdftex.def Info: ../photos/5e21f08026d7752f2422575e.jpg  used on input 
line 569.
(pdftex.def)             Requested size: 140.52403pt x 210.78606pt.
<../photos/5e21f08026d7752f2422575f.jpg, id=241, 200.75pt x 301.125pt>
File: ../photos/5e21f08026d7752f2422575f.jpg Graphic file (type jpg)
<use ../photos/5e21f08026d7752f2422575f.jpg>
Package pdftex.def Info: ../photos/5e21f08026d7752f2422575f.jpg  used on input 
line 569.
(pdftex.def)             Requested size: 140.52403pt x 210.78606pt.
 [29 <../photos/5e21f07f26d7752f24225742.jpg> <../photos/5e21f07f26d7752f242257
51.jpg> <../photos/5e21f08026d7752f2422575b.jpg> <../photos/5e21f08026d7752f242
2575e.jpg> <../photos/5e21f08026d7752f2422575f.jpg>]
<../photos/5e21f07f26d7752f24225712.jpg, id=245, 200.75pt x 301.125pt>
File: ../photos/5e21f07f26d7752f24225712.jpg Graphic file (type jpg)
<use ../photos/5e21f07f26d7752f24225712.jpg>
Package pdftex.def Info: ../photos/5e21f07f26d7752f24225712.jpg  used on input 
line 583.
(pdftex.def)             Requested size: 140.52403pt x 210.78606pt.
 [30 <../photos/5e21f07f26d7752f24225712.jpg>]
LaTeX Font Info:    Trying to load font information for OMS+cmr on input line 5
94.

("C:\Program Files\MiKTeX 2.9\tex/latex/base\omscmr.fd"
File: omscmr.fd 2014/09/29 v2.5h Standard LaTeX font definitions
)
LaTeX Font Info:    Font shape `OMS/cmr/m/n' in size <12> not available
(Font)              Font shape `OMS/cmsy/m/n' tried instead on input line 594.
 [31]
<../photos/presnelson.jpg, id=254, 2282.5275pt x 3043.37pt>
File: ../photos/presnelson.jpg Graphic file (type jpg)
<use ../photos/presnelson.jpg>
Package pdftex.def Info: ../photos/presnelson.jpg  used on input line 639.
(pdftex.def)             Requested size: 256.0748pt x 341.41237pt.
 [32 <../photos/presnelson.jpg>] (test.aux) ) 
Here is how much of TeX's memory you used:
 3079 strings out of 492484
 66416 string characters out of 3131051
 107714 words of memory out of 3000000
 7253 multiletter control sequences out of 15000+200000
 8560 words of font info for 30 fonts, out of 3000000 for 9000
 1141 hyphenation exceptions out of 8191
 51i,12n,32p,342b,272s stack positions out of 5000i,500n,10000p,200000b,50000s
<C:/Program Files/MiKTeX 2.9/fonts
/type1/public/amsfonts/cm/cmbx12.pfb><C:/Program Files/MiKTeX 2.9/fonts/type1/p
ublic/amsfonts/cm/cmbxti10.pfb><C:/Program Files/MiKTeX 2.9/fonts/type1/public/
amsfonts/cm/cmmi12.pfb><C:/Program Files/MiKTeX 2.9/fonts/type1/public/amsfonts
/cm/cmmi8.pfb><C:/Program Files/MiKTeX 2.9/fonts/type1/public/amsfonts/cm/cmr12
.pfb><C:/Program Files/MiKTeX 2.9/fonts/type1/public/amsfonts/cm/cmr17.pfb><C:/
Program Files/MiKTeX 2.9/fonts/type1/public/amsfonts/cm/cmsy10.pfb>
Output written on test.pdf (32 pages, 11173337 bytes).
PDF statistics:
 281 PDF objects out of 1000 (max. 8388607)
 0 named destinations out of 1000 (max. 500000)
 737 words of extra memory for PDF output out of 10000 (max. 10000000)

